// Jest Snapshot v1, https://goo.gl/fbAQLP

exports[`WarningModificationMission should render the WarningModificationMission correctly  1`] = `
"<WithStyles(ForwardRef(Collapse)) in={true} data-qa=\\"modificationWarningCollapse\\">
  <WithStyles(ForwardRef(Alert)) severity=\\"info\\" className=\\"makeStyles-modificationAlert-3\\">
    <WithStyles(ForwardRef(List)) disablePadding={true}>
      <WithStyles(ForwardRef(ListItem)) disableGutters={true} dense={true} className=\\"makeStyles-modificationWarningItem-2\\">
        <WithStyles(ForwardRef(ListItemIcon)) className=\\"makeStyles-validationWarningIcon-1\\">
          ðŸ‘‰
        </WithStyles(ForwardRef(ListItemIcon))>
        <WithStyles(ForwardRef(ListItemText)) primary=\\"Les modifications sont enregistrÃ©es et apparaÃ®tront en cas de contrÃ´le.\\" />
      </WithStyles(ForwardRef(ListItem))>
      <WithStyles(ForwardRef(ListItem)) disableGutters={true} dense={true} className=\\"makeStyles-modificationWarningItem-2\\">
        <WithStyles(ForwardRef(ListItemIcon)) className=\\"makeStyles-validationWarningIcon-1\\">
          ðŸ‘‰
        </WithStyles(ForwardRef(ListItemIcon))>
        <WithStyles(ForwardRef(ListItemText)) primary=\\"En cas de modification des saisies, le salariÃ© recevra une notification.\\" />
      </WithStyles(ForwardRef(ListItem))>
    </WithStyles(ForwardRef(List))>
    <Link className=\\"makeStyles-dismissModificationAlert-4\\" to=\\"/#\\" data-qa=\\"dismissMissionModificationWarningLink\\" onClick={[Function: onClick]}>
      Ne plus afficher ce message
    </Link>
  </WithStyles(ForwardRef(Alert))>
</WithStyles(ForwardRef(Collapse))>"
`;
