// Jest Snapshot v1, https://goo.gl/fbAQLP

exports[`AlertEmailNotActivated should render the AlertEmailNotActivated correctly  1`] = `
"<WithStyles(ForwardRef(Alert)) severity=\\"error\\" className=\\"makeStyles-inactiveAlert-1\\">
  <WithStyles(ForwardRef(AlertTitle)) className=\\"bold\\">
    Adresse email non activÃ©e
  </WithStyles(ForwardRef(AlertTitle))>
  <WithStyles(ForwardRef(Typography)) className=\\"makeStyles-activationIntroLabel-2\\">
    Un email d&#39;activation vous a Ã©tÃ© envoyÃ© Ã  l&#39;adresse ci-dessus. L&#39;activation est nÃ©cessaire pour accÃ©der aux services Mobilic.
  </WithStyles(ForwardRef(Typography))>
  <WithStyles(ForwardRef(List)) disablePadding={true}>
    <WithStyles(ForwardRef(ListItem)) disableGutters={true} dense={true} className=\\"makeStyles-emailCheckItem-4\\">
      <WithStyles(ForwardRef(ListItemIcon)) className=\\"makeStyles-emailCheckIcon-3\\">
        ğŸ‘‰
      </WithStyles(ForwardRef(ListItemIcon))>
      <WithStyles(ForwardRef(ListItemText)) primary=\\"Il peut mettre quelques minutes Ã  arriver, merci pour votre patience\\" />
    </WithStyles(ForwardRef(ListItem))>
    <WithStyles(ForwardRef(ListItem)) disableGutters={true} dense={true} className=\\"makeStyles-emailCheckItem-4\\">
      <WithStyles(ForwardRef(ListItemIcon)) className=\\"makeStyles-emailCheckIcon-3\\">
        ğŸ‘‰
      </WithStyles(ForwardRef(ListItemIcon))>
      <WithStyles(ForwardRef(ListItemText)) primary=\\"Merci de vÃ©rifier vos spams\\" />
    </WithStyles(ForwardRef(ListItem))>
    <WithStyles(ForwardRef(ListItem)) disableGutters={true} dense={true} className=\\"makeStyles-emailCheckItem-4\\">
      <WithStyles(ForwardRef(ListItemIcon)) className=\\"makeStyles-emailCheckIcon-3\\">
        ğŸ‘‰
      </WithStyles(ForwardRef(ListItemIcon))>
      <WithStyles(ForwardRef(ListItemText)) primary=\\"Pour recevoir nos emails sans encombre, vous pouvez ajouter mobilic@beta.gouv.fr Ã  votre liste de contacts\\" />
    </WithStyles(ForwardRef(ListItem))>
    <WithStyles(ForwardRef(ListItem)) disableGutters={true} dense={true} className=\\"makeStyles-emailCheckItem-4\\">
      <WithStyles(ForwardRef(ListItemIcon)) className=\\"makeStyles-emailCheckIcon-3\\">
        ğŸ‘‰
      </WithStyles(ForwardRef(ListItemIcon))>
      <WithStyles(ForwardRef(ListItemText)) primary=\\"Si vous n\\\\'avez pas reÃ§u l\\\\'email de confirmation au bout d\\\\'une demi-heure, vous pouvez le renvoyer en cliquant sur le bouton ci dessous :\\" />
    </WithStyles(ForwardRef(ListItem))>
    <WithStyles(ForwardRef(ListItem)) disableGutters={true} dense={true} className=\\"makeStyles-emailCheckItem-4\\">
      <WithStyles(ForwardRef(ListItemIcon)) className=\\"makeStyles-emailCheckIcon-3\\" />
      <WithStyles(ForwardRef(Button)) size=\\"small\\" color=\\"primary\\" variant=\\"contained\\" data-qa=\\"resendActivationEmailButton\\" onClick={[Function: resendActivationEmail]}>
        Renvoyer l&#39;email d&#39;activation
      </WithStyles(ForwardRef(Button))>
    </WithStyles(ForwardRef(ListItem))>
  </WithStyles(ForwardRef(List))>
</WithStyles(ForwardRef(Alert))>"
`;
